=== alarm-single ===
comando: pintos -v -k -T 60 --qemu -- -q run alarm-single

Kernel command line: -q run alarm-single
Pintos booting with 3,968 kB RAM...
367 pages available in kernel pool.
367 pages available in user pool.
Calibrating timer...  130,867,200 loops/s.
Boot complete.
Executing 'alarm-single':
(alarm-single) begin
(alarm-single) Creating 5 threads to sleep 1 times each.
(alarm-single) Thread 0 sleeps 10 ticks each time,
(alarm-single) thread 1 sleeps 20 ticks each time, and so on.
(alarm-single) If successful, product of iteration count and
(alarm-single) sleep duration will appear in nondescending order.
(alarm-single) thread 0: duration=10, iteration=1, product=10
(alarm-single) thread 1: duration=20, iteration=1, product=20
(alarm-single) thread 2: duration=30, iteration=1, product=30
(alarm-single) thread 3: duration=40, iteration=1, product=40
(alarm-single) thread 4: duration=50, iteration=1, product=50
(alarm-single) end
Execution of 'alarm-single' complete.
Timer: 274 ticks
Thread: 250 idle ticks, 24 kernel ticks, 0 user ticks
Console: 987 characters output
Keyboard: 0 keys pressed
Powering off...

resultado: pass tests/threads/alarm-single

=== alarm-multiple ===
comando: pintos -v -k -T 60 --qemu -- -q run alarm-multiple

Kernel command line: -q run alarm-multiple
Pintos booting with 3,968 kB RAM...
367 pages available in kernel pool.
367 pages available in user pool.
Calibrating timer...  128,409,600 loops/s.
Boot complete.
Executing 'alarm-multiple':
(alarm-multiple) begin
(alarm-multiple) Creating 5 threads to sleep 7 times each.
(alarm-multiple) Thread 0 sleeps 10 ticks each time,
(alarm-multiple) thread 1 sleeps 20 ticks each time, and so on.
(alarm-multiple) If successful, product of iteration count and
(alarm-multiple) sleep duration will appear in nondescending order.
(alarm-multiple) thread 0: duration=10, iteration=1, product=10
(alarm-multiple) thread 1: duration=20, iteration=1, product=20
(alarm-multiple) thread 0: duration=10, iteration=2, product=20
(alarm-multiple) thread 2: duration=30, iteration=1, product=30
(alarm-multiple) thread 0: duration=10, iteration=3, product=30
(alarm-multiple) thread 3: duration=40, iteration=1, product=40
(alarm-multiple) thread 1: duration=20, iteration=2, product=40
(alarm-multiple) thread 0: duration=10, iteration=4, product=40
(alarm-multiple) thread 4: duration=50, iteration=1, product=50
(alarm-multiple) thread 0: duration=10, iteration=5, product=50
(alarm-multiple) thread 2: duration=30, iteration=2, product=60
(alarm-multiple) thread 1: duration=20, iteration=3, product=60
(alarm-multiple) thread 0: duration=10, iteration=6, product=60
(alarm-multiple) thread 0: duration=10, iteration=7, product=70
(alarm-multiple) thread 3: duration=40, iteration=2, product=80
(alarm-multiple) thread 1: duration=20, iteration=4, product=80
(alarm-multiple) thread 2: duration=30, iteration=3, product=90
(alarm-multiple) thread 4: duration=50, iteration=2, product=100
(alarm-multiple) thread 1: duration=20, iteration=5, product=100
(alarm-multiple) thread 3: duration=40, iteration=3, product=120
(alarm-multiple) thread 2: duration=30, iteration=4, product=120
(alarm-multiple) thread 1: duration=20, iteration=6, product=120
(alarm-multiple) thread 1: duration=20, iteration=7, product=140
(alarm-multiple) thread 4: duration=50, iteration=3, product=150
(alarm-multiple) thread 2: duration=30, iteration=5, product=150
(alarm-multiple) thread 3: duration=40, iteration=4, product=160
(alarm-multiple) thread 2: duration=30, iteration=6, product=180
(alarm-multiple) thread 4: duration=50, iteration=4, product=200
(alarm-multiple) thread 3: duration=40, iteration=5, product=200
(alarm-multiple) thread 2: duration=30, iteration=7, product=210
(alarm-multiple) thread 3: duration=40, iteration=6, product=240
(alarm-multiple) thread 4: duration=50, iteration=5, product=250
(alarm-multiple) thread 3: duration=40, iteration=7, product=280
(alarm-multiple) thread 4: duration=50, iteration=6, product=300
(alarm-multiple) thread 4: duration=50, iteration=7, product=350
(alarm-multiple) end
Execution of 'alarm-multiple' complete.
Timer: 584 ticks
Thread: 550 idle ticks, 34 kernel ticks, 0 user ticks
Console: 2955 characters output
Keyboard: 0 keys pressed
Powering off...

resultado: pass tests/threads/alarm-multiple

=== alarm-simultaneous ===
comando: pintos -v -k -T 60 --qemu -- -q run alarm-simultaneous

Kernel command line: -q run alarm-simultaneous
Pintos booting with 3,968 kB RAM...
367 pages available in kernel pool.
367 pages available in user pool.
Calibrating timer...  129,228,800 loops/s.
Boot complete.
Executing 'alarm-simultaneous':
(alarm-simultaneous) begin
(alarm-simultaneous) Creating 3 threads to sleep 5 times each.
(alarm-simultaneous) Each thread sleeps 10 ticks each time.
(alarm-simultaneous) Within an iteration, all threads should wake up on the same tick.
(alarm-simultaneous) iteration 0, thread 0: woke up after 10 ticks
(alarm-simultaneous) iteration 0, thread 1: woke up 0 ticks later
(alarm-simultaneous) iteration 0, thread 2: woke up 0 ticks later
(alarm-simultaneous) iteration 1, thread 0: woke up 10 ticks later
(alarm-simultaneous) iteration 1, thread 1: woke up 0 ticks later
(alarm-simultaneous) iteration 1, thread 2: woke up 0 ticks later
(alarm-simultaneous) iteration 2, thread 0: woke up 10 ticks later
(alarm-simultaneous) iteration 2, thread 1: woke up 0 ticks later
(alarm-simultaneous) iteration 2, thread 2: woke up 0 ticks later
(alarm-simultaneous) iteration 3, thread 0: woke up 10 ticks later
(alarm-simultaneous) iteration 3, thread 1: woke up 0 ticks later
(alarm-simultaneous) iteration 3, thread 2: woke up 0 ticks later
(alarm-simultaneous) iteration 4, thread 0: woke up 10 ticks later
(alarm-simultaneous) iteration 4, thread 1: woke up 0 ticks later
(alarm-simultaneous) iteration 4, thread 2: woke up 0 ticks later
(alarm-simultaneous) end
Execution of 'alarm-simultaneous' complete.
Timer: 277 ticks
Thread: 250 idle ticks, 28 kernel ticks, 0 user ticks
Console: 1615 characters output
Keyboard: 0 keys pressed
Powering off...

resultado: pass tests/threads/alarm-simultaneous

=== alarm-priority ===
comando: pintos -v -k -T 60 --qemu -- -q run alarm-priority

Kernel command line: -q run alarm-priority
Pintos booting with 3,968 kB RAM...
367 pages available in kernel pool.
367 pages available in user pool.
Calibrating timer...  130,867,200 loops/s.
Boot complete.
Executing 'alarm-priority':
(alarm-priority) begin
(alarm-priority) Thread priority 30 woke up.
(alarm-priority) Thread priority 29 woke up.
(alarm-priority) Thread priority 28 woke up.
(alarm-priority) Thread priority 27 woke up.
(alarm-priority) Thread priority 26 woke up.
(alarm-priority) Thread priority 25 woke up.
(alarm-priority) Thread priority 24 woke up.
(alarm-priority) Thread priority 23 woke up.
(alarm-priority) Thread priority 22 woke up.
(alarm-priority) Thread priority 21 woke up.
(alarm-priority) end
Execution of 'alarm-priority' complete.
Timer: 525 ticks
Thread: 490 idle ticks, 35 kernel ticks, 0 user ticks
Console: 840 characters output
Keyboard: 0 keys pressed
Powering off...

resultado: pass tests/threads/alarm-priority

=== alarm-zero ===
comando: pintos -v -k -T 60 --qemu -- -q run alarm-zero

Kernel command line: -q run alarm-zero
Pintos booting with 3,968 kB RAM...
367 pages available in kernel pool.
367 pages available in user pool.
Calibrating timer...  130,867,200 loops/s.
Boot complete.
Executing 'alarm-zero':
(alarm-zero) begin
(alarm-zero) PASS
(alarm-zero) end
Execution of 'alarm-zero' complete.
Timer: 24 ticks
Thread: 0 idle ticks, 24 kernel ticks, 0 user ticks
Console: 385 characters output
Keyboard: 0 keys pressed
Powering off...

resultado: pass tests/threads/alarm-zero

=== alarm-negative ===
comando: pintos -v -k -T 60 --qemu -- -q run alarm-negative

Kernel command line: -q run alarm-negative
Pintos booting with 3,968 kB RAM...
367 pages available in kernel pool.
367 pages available in user pool.
Calibrating timer...  130,867,200 loops/s.
Boot complete.
Executing 'alarm-negative':
(alarm-negative) begin
(alarm-negative) PASS
(alarm-negative) end
Execution of 'alarm-negative' complete.
Timer: 24 ticks
Thread: 0 idle ticks, 24 kernel ticks, 0 user ticks
Console: 409 characters output
Keyboard: 0 keys pressed
Powering off...

resultado: pass tests/threads/alarm-negative

resumo: 6 de 6 testes passaram
